Traceback (most recent call last):
  File "/Users/dsmith4/anaconda3/lib/python3.11/site-packages/jupyter_cache/executors/utils.py", line 58, in single_nb_execution
    executenb(
  File "/Users/dsmith4/anaconda3/lib/python3.11/site-packages/nbclient/client.py", line 1204, in execute
    return NotebookClient(nb=nb, resources=resources, km=km, **kwargs).execute()
           ^^^^^^^^^^^^^^^^^^^^^^^^^^^^^^^^^^^^^^^^^^^^^^^^^^^^^^^^^^^^^^^^^^^^^
  File "/Users/dsmith4/anaconda3/lib/python3.11/site-packages/nbclient/util.py", line 84, in wrapped
    return just_run(coro(*args, **kwargs))
           ^^^^^^^^^^^^^^^^^^^^^^^^^^^^^^^
  File "/Users/dsmith4/anaconda3/lib/python3.11/site-packages/nbclient/util.py", line 62, in just_run
    return loop.run_until_complete(coro)
           ^^^^^^^^^^^^^^^^^^^^^^^^^^^^^
  File "/Users/dsmith4/anaconda3/lib/python3.11/asyncio/base_events.py", line 653, in run_until_complete
    return future.result()
           ^^^^^^^^^^^^^^^
  File "/Users/dsmith4/anaconda3/lib/python3.11/site-packages/nbclient/client.py", line 663, in async_execute
    await self.async_execute_cell(
  File "/Users/dsmith4/anaconda3/lib/python3.11/site-packages/nbclient/client.py", line 965, in async_execute_cell
    await self._check_raise_for_error(cell, cell_index, exec_reply)
  File "/Users/dsmith4/anaconda3/lib/python3.11/site-packages/nbclient/client.py", line 862, in _check_raise_for_error
    raise CellExecutionError.from_cell_and_msg(cell, exec_reply_content)
nbclient.exceptions.CellExecutionError: An error occurred while executing the following cell:
------------------
F = 9.81
c = 2.995e8
m = 9.109e-31


t = np.linspace(0,10,100)
xclass = 0.5*F*t**2/m
xrel = c/F*(m*c - np.sqrt(m**2*c**2+F**2*t**2))

fig = plt.figure(figsize=(12,10))
plt.plot(t,xclass,'b-',label='Classical Parabola')
plt.plot(tarr,varr1/c,'m-',label='Relativistic Hyperbola')
plt.plot([tarr[0],tarr[-1]],[0.0,tarr[-1]],'r:',label='Light Speed Motion')
plt.xlabel('Time (years)')
plt.ylabel('Position (m)')
plt.legend()
glue("xposgfig", fig, display=False)
------------------

[0;31m---------------------------------------------------------------------------[0m
[0;31mValueError[0m                                Traceback (most recent call last)
Cell [0;32mIn[3], line 13[0m
[1;32m     11[0m plt[38;5;241m.[39mplot(t,xclass,[38;5;124m'[39m[38;5;124mb-[39m[38;5;124m'[39m,label[38;5;241m=[39m[38;5;124m'[39m[38;5;124mClassical Parabola[39m[38;5;124m'[39m)
[1;32m     12[0m plt[38;5;241m.[39mplot(tarr,varr1[38;5;241m/[39mc,[38;5;124m'[39m[38;5;124mm-[39m[38;5;124m'[39m,label[38;5;241m=[39m[38;5;124m'[39m[38;5;124mRelativistic Hyperbola[39m[38;5;124m'[39m)
[0;32m---> 13[0m plt[38;5;241m.[39mplot([tarr[[38;5;241m0[39m],tarr[[38;5;241m-[39m[38;5;241m1[39m]],[[38;5;241m0.0[39m,tarr[[38;5;241m-[39m[38;5;241m1[39m]],[38;5;124m'[39m[38;5;124mr:[39m[38;5;124m'[39m,label[38;5;241m=[39m[38;5;124m'[39m[38;5;124mLight Speed Motion[39m[38;5;124m'[39m)
[1;32m     14[0m plt[38;5;241m.[39mxlabel([38;5;124m'[39m[38;5;124mTime (years)[39m[38;5;124m'[39m)
[1;32m     15[0m plt[38;5;241m.[39mylabel([38;5;124m'[39m[38;5;124mPosition (m)[39m[38;5;124m'[39m)

File [0;32m~/anaconda3/lib/python3.11/site-packages/matplotlib/pyplot.py:2812[0m, in [0;36mplot[0;34m(scalex, scaley, data, *args, **kwargs)[0m
[1;32m   2810[0m [38;5;129m@_copy_docstring_and_deprecators[39m(Axes[38;5;241m.[39mplot)
[1;32m   2811[0m [38;5;28;01mdef[39;00m [38;5;21mplot[39m([38;5;241m*[39margs, scalex[38;5;241m=[39m[38;5;28;01mTrue[39;00m, scaley[38;5;241m=[39m[38;5;28;01mTrue[39;00m, data[38;5;241m=[39m[38;5;28;01mNone[39;00m, [38;5;241m*[39m[38;5;241m*[39mkwargs):
[0;32m-> 2812[0m     [38;5;28;01mreturn[39;00m gca()[38;5;241m.[39mplot(
[1;32m   2813[0m         [38;5;241m*[39margs, scalex[38;5;241m=[39mscalex, scaley[38;5;241m=[39mscaley,
[1;32m   2814[0m         [38;5;241m*[39m[38;5;241m*[39m({[38;5;124m"[39m[38;5;124mdata[39m[38;5;124m"[39m: data} [38;5;28;01mif[39;00m data [38;5;129;01mis[39;00m [38;5;129;01mnot[39;00m [38;5;28;01mNone[39;00m [38;5;28;01melse[39;00m {}), [38;5;241m*[39m[38;5;241m*[39mkwargs)

File [0;32m~/anaconda3/lib/python3.11/site-packages/matplotlib/axes/_axes.py:1688[0m, in [0;36mAxes.plot[0;34m(self, scalex, scaley, data, *args, **kwargs)[0m
[1;32m   1445[0m [38;5;250m[39m[38;5;124;03m"""[39;00m
[1;32m   1446[0m [38;5;124;03mPlot y versus x as lines and/or markers.[39;00m
[1;32m   1447[0m 
[0;32m   (...)[0m
[1;32m   1685[0m [38;5;124;03m(``'green'``) or hex strings (``'#008000'``).[39;00m
[1;32m   1686[0m [38;5;124;03m"""[39;00m
[1;32m   1687[0m kwargs [38;5;241m=[39m cbook[38;5;241m.[39mnormalize_kwargs(kwargs, mlines[38;5;241m.[39mLine2D)
[0;32m-> 1688[0m lines [38;5;241m=[39m [[38;5;241m*[39m[38;5;28mself[39m[38;5;241m.[39m_get_lines([38;5;241m*[39margs, data[38;5;241m=[39mdata, [38;5;241m*[39m[38;5;241m*[39mkwargs)]
[1;32m   1689[0m [38;5;28;01mfor[39;00m line [38;5;129;01min[39;00m lines:
[1;32m   1690[0m     [38;5;28mself[39m[38;5;241m.[39madd_line(line)

File [0;32m~/anaconda3/lib/python3.11/site-packages/matplotlib/axes/_base.py:311[0m, in [0;36m_process_plot_var_args.__call__[0;34m(self, data, *args, **kwargs)[0m
[1;32m    309[0m     this [38;5;241m+[39m[38;5;241m=[39m args[[38;5;241m0[39m],
[1;32m    310[0m     args [38;5;241m=[39m args[[38;5;241m1[39m:]
[0;32m--> 311[0m [38;5;28;01myield from[39;00m [38;5;28mself[39m[38;5;241m.[39m_plot_args(
[1;32m    312[0m     this, kwargs, ambiguous_fmt_datakey[38;5;241m=[39mambiguous_fmt_datakey)

File [0;32m~/anaconda3/lib/python3.11/site-packages/matplotlib/axes/_base.py:494[0m, in [0;36m_process_plot_var_args._plot_args[0;34m(self, tup, kwargs, return_kwargs, ambiguous_fmt_datakey)[0m
[1;32m    492[0m [38;5;28;01mif[39;00m [38;5;28mlen[39m(xy) [38;5;241m==[39m [38;5;241m2[39m:
[1;32m    493[0m     x [38;5;241m=[39m _check_1d(xy[[38;5;241m0[39m])
[0;32m--> 494[0m     y [38;5;241m=[39m _check_1d(xy[[38;5;241m1[39m])
[1;32m    495[0m [38;5;28;01melse[39;00m:
[1;32m    496[0m     x, y [38;5;241m=[39m index_of(xy[[38;5;241m-[39m[38;5;241m1[39m])

File [0;32m~/anaconda3/lib/python3.11/site-packages/matplotlib/cbook/__init__.py:1353[0m, in [0;36m_check_1d[0;34m(x)[0m
[1;32m   1347[0m [38;5;66;03m# plot requires `shape` and `ndim`.  If passed an[39;00m
[1;32m   1348[0m [38;5;66;03m# object that doesn't provide them, then force to numpy array.[39;00m
[1;32m   1349[0m [38;5;66;03m# Note this will strip unit information.[39;00m
[1;32m   1350[0m [38;5;28;01mif[39;00m ([38;5;129;01mnot[39;00m [38;5;28mhasattr[39m(x, [38;5;124m'[39m[38;5;124mshape[39m[38;5;124m'[39m) [38;5;129;01mor[39;00m
[1;32m   1351[0m         [38;5;129;01mnot[39;00m [38;5;28mhasattr[39m(x, [38;5;124m'[39m[38;5;124mndim[39m[38;5;124m'[39m) [38;5;129;01mor[39;00m
[1;32m   1352[0m         [38;5;28mlen[39m(x[38;5;241m.[39mshape) [38;5;241m<[39m [38;5;241m1[39m):
[0;32m-> 1353[0m     [38;5;28;01mreturn[39;00m np[38;5;241m.[39matleast_1d(x)
[1;32m   1354[0m [38;5;28;01melse[39;00m:
[1;32m   1355[0m     [38;5;28;01mreturn[39;00m x

File [0;32m<__array_function__ internals>:200[0m, in [0;36matleast_1d[0;34m(*args, **kwargs)[0m

File [0;32m~/anaconda3/lib/python3.11/site-packages/numpy/core/shape_base.py:65[0m, in [0;36matleast_1d[0;34m(*arys)[0m
[1;32m     63[0m res [38;5;241m=[39m []
[1;32m     64[0m [38;5;28;01mfor[39;00m ary [38;5;129;01min[39;00m arys:
[0;32m---> 65[0m     ary [38;5;241m=[39m asanyarray(ary)
[1;32m     66[0m     [38;5;28;01mif[39;00m ary[38;5;241m.[39mndim [38;5;241m==[39m [38;5;241m0[39m:
[1;32m     67[0m         result [38;5;241m=[39m ary[38;5;241m.[39mreshape([38;5;241m1[39m)

[0;31mValueError[0m: setting an array element with a sequence. The requested array has an inhomogeneous shape after 1 dimensions. The detected shape was (2,) + inhomogeneous part.
ValueError: setting an array element with a sequence. The requested array has an inhomogeneous shape after 1 dimensions. The detected shape was (2,) + inhomogeneous part.

