Traceback (most recent call last):
  File "/Users/dsmith4/anaconda3/lib/python3.11/site-packages/jupyter_cache/executors/utils.py", line 58, in single_nb_execution
    executenb(
  File "/Users/dsmith4/anaconda3/lib/python3.11/site-packages/nbclient/client.py", line 1305, in execute
    return NotebookClient(nb=nb, resources=resources, km=km, **kwargs).execute()
           ^^^^^^^^^^^^^^^^^^^^^^^^^^^^^^^^^^^^^^^^^^^^^^^^^^^^^^^^^^^^^^^^^^^^^
  File "/Users/dsmith4/anaconda3/lib/python3.11/site-packages/jupyter_core/utils/__init__.py", line 165, in wrapped
    return loop.run_until_complete(inner)
           ^^^^^^^^^^^^^^^^^^^^^^^^^^^^^^
  File "/Users/dsmith4/anaconda3/lib/python3.11/asyncio/base_events.py", line 653, in run_until_complete
    return future.result()
           ^^^^^^^^^^^^^^^
  File "/Users/dsmith4/anaconda3/lib/python3.11/site-packages/nbclient/client.py", line 705, in async_execute
    await self.async_execute_cell(
  File "/Users/dsmith4/anaconda3/lib/python3.11/site-packages/nbclient/client.py", line 1058, in async_execute_cell
    await self._check_raise_for_error(cell, cell_index, exec_reply)
  File "/Users/dsmith4/anaconda3/lib/python3.11/site-packages/nbclient/client.py", line 914, in _check_raise_for_error
    raise CellExecutionError.from_cell_and_msg(cell, exec_reply_content)
nbclient.exceptions.CellExecutionError: An error occurred while executing the following cell:
------------------
# 3D plot of a spacetime diagram with x, ct, and y
fig = plt.figure(figsize=(5,5))

plt.plot([1.2,1.2],[0,2],'r.-')
plt.plot([0,2],[0,5/13*2]+1.5,'b.-')
plt.plot([0,1.2],[1.2,0],'g.-')

ax = plt.gca()
plt.axis([0,2,0,2])
ax.text(0.15, 1, "Q")
ax.text(-0.05, 1.2, "ct")
ax.text(1.2, 0, "x")
ax.set_xlabel("x")
ax.set_ylabel("ct")
glue("gerochfig", fig, display=False)
------------------


[0;31m---------------------------------------------------------------------------[0m
[0;31mTypeError[0m                                 Traceback (most recent call last)
Cell [0;32mIn[4], line 5[0m
[1;32m      2[0m fig [38;5;241m=[39m plt[38;5;241m.[39mfigure(figsize[38;5;241m=[39m([38;5;241m5[39m,[38;5;241m5[39m))
[1;32m      4[0m plt[38;5;241m.[39mplot([[38;5;241m1.2[39m,[38;5;241m1.2[39m],[[38;5;241m0[39m,[38;5;241m2[39m],[38;5;124m'[39m[38;5;124mr.-[39m[38;5;124m'[39m)
[0;32m----> 5[0m plt[38;5;241m.[39mplot([[38;5;241m0[39m,[38;5;241m2[39m],[[38;5;241m0[39m,[38;5;241m5[39m[38;5;241m/[39m[38;5;241m13[39m[38;5;241m*[39m[38;5;241m2[39m][38;5;241m+[39m[38;5;241m1.5[39m,[38;5;124m'[39m[38;5;124mb.-[39m[38;5;124m'[39m)
[1;32m      6[0m plt[38;5;241m.[39mplot([[38;5;241m0[39m,[38;5;241m1.2[39m],[[38;5;241m1.2[39m,[38;5;241m0[39m],[38;5;124m'[39m[38;5;124mg.-[39m[38;5;124m'[39m)
[1;32m      8[0m ax [38;5;241m=[39m plt[38;5;241m.[39mgca()

[0;31mTypeError[0m: can only concatenate list (not "float") to list

